[2m6:11:24 am[22m [31m[1m[vite][22m[39m [31m[2m(client)[22m[39m [2m[console.error] [22mRegistration Error: AxiosError: Request failed with status code 500
    at settle (http://127.0.0.1:5173/node_modules/.vite/deps/axios.js?v=d8726d8c:1738:14)
    at XMLHttpRequest.onloadend (http://127.0.0.1:5173/node_modules/.vite/deps/axios.js?v=d8726d8c:2091:4)
    at Axios$1.request (http://127.0.0.1:5173/node_modules/.vite/deps/axios.js?v=d8726d8c:2792:37)
    at async register (http://127.0.0.1:5173/src/context/AuthContext.jsx:35:15)
    at async verifyAndRegister (http://127.0.0.1:5173/src/pages/Register.jsx:138:4)
[2m6:12:55 am[22m [31m[1m[vite][22m[39m [31m[2m(client)[22m[39m [31m[Unhandled error] [1mTypeError[22m: Cannot destructure property 't' of 'useLanguage(...)' as it is undefined.
[39m > NamasteHeader src/components/NamasteHeader.jsx:8:10
    6  |  const NamasteHeader = ({ onUploadClick }) => {
    7  |    const location = useLocation();
    8  |    const { t } = useLanguage();
       |            ^
    9  |    
    10 |    const navItems = [
 > Object.react_stack_bottom_frame node_modules/react-dom/cjs/react-dom-client.development.js:25904:19
 > renderWithHooks node_modules/react-dom/cjs/react-dom-client.development.js:7662:21
 > updateFunctionComponent node_modules/react-dom/cjs/react-dom-client.development.js:10166:18
 > beginWork node_modules/react-dom/cjs/react-dom-client.development.js:11778:17
 > runWithFiberInDEV node_modules/react-dom/cjs/react-dom-client.development.js:871:29
 > performUnitOfWork node_modules/react-dom/cjs/react-dom-client.development.js:17641:21
 > workLoopSync node_modules/react-dom/cjs/react-dom-client.development.js:17469:40
 > renderRootSync node_modules/react-dom/cjs/react-dom-client.development.js:17450:10
 > performWorkOnRoot node_modules/react-dom/cjs/react-dom-client.development.js:16583:34

[2m6:12:55 am[22m [33m[1m[vite][22m[39m [33m[2m(client)[22m[39m [2m[console.warn] [22mAn error occurred in the <NamasteHeader> component.

Consider adding an error boundary to your tree to customize error handling behavior.
Visit https://react.dev/link/error-boundaries to learn more about error boundaries.

[2m6:16:42 am[22m [31m[1m[vite][22m[39m [31m[2m(client)[22m[39m [31m[Unhandled error] [1mTypeError[22m: Cannot destructure property 't' of 'useLanguage(...)' as it is undefined.
[39m > NamasteHeader src/components/NamasteHeader.jsx:8:10
    6  |  const NamasteHeader = ({ onUploadClick }) => {
    7  |    const location = useLocation();
    8  |    const { t } = useLanguage();
       |            ^
    9  |    
    10 |    const navItems = [
 > Object.react_stack_bottom_frame node_modules/react-dom/cjs/react-dom-client.development.js:25904:19
 > renderWithHooks node_modules/react-dom/cjs/react-dom-client.development.js:7662:21
 > updateFunctionComponent node_modules/react-dom/cjs/react-dom-client.development.js:10166:18
 > beginWork node_modules/react-dom/cjs/react-dom-client.development.js:11778:17
 > runWithFiberInDEV node_modules/react-dom/cjs/react-dom-client.development.js:871:29
 > performUnitOfWork node_modules/react-dom/cjs/react-dom-client.development.js:17641:21
 > workLoopSync node_modules/react-dom/cjs/react-dom-client.development.js:17469:40
 > renderRootSync node_modules/react-dom/cjs/react-dom-client.development.js:17450:10
 > performWorkOnRoot node_modules/react-dom/cjs/react-dom-client.development.js:16583:34

[2m6:16:42 am[22m [33m[1m[vite][22m[39m [33m[2m(client)[22m[39m [2m[console.warn] [22mAn error occurred in the <NamasteHeader> component.

Consider adding an error boundary to your tree to customize error handling behavior.
Visit https://react.dev/link/error-boundaries to learn more about error boundaries.

[2m8:25:28 am[22m [31m[1m[vite][22m[39m [31m[2m(client)[22m[39m [2m[console.error] [22mRegistration Error: AxiosError: Request failed with status code 500
    at settle (http://localhost:5173/node_modules/.vite/deps/axios.js?v=d8726d8c:1738:14)
    at XMLHttpRequest.onloadend (http://localhost:5173/node_modules/.vite/deps/axios.js?v=d8726d8c:2091:4)
    at Axios$1.request (http://localhost:5173/node_modules/.vite/deps/axios.js?v=d8726d8c:2792:37)
    at async register (http://localhost:5173/src/context/AuthContext.jsx:35:15)
    at async verifyAndRegister (http://localhost:5173/src/pages/Register.jsx?t=1779936832274:143:4)
[2m8:27:45 am[22m [31m[1m[vite][22m[39m [31m[2m(client)[22m[39m [2m[console.error] [22mView count failed: AxiosError: Request failed with status code 404
    at settle (http://localhost:5173/node_modules/.vite/deps/axios.js?v=d8726d8c:1738:14)
    at XMLHttpRequest.onloadend (http://localhost:5173/node_modules/.vite/deps/axios.js?v=d8726d8c:2091:4)
[2m8:27:45 am[22m [31m[1m[vite][22m[39m [31m[2m(client)[22m[39m [2m[console.error] [22mView count failed: AxiosError: Request failed with status code 404
    at settle (http://localhost:5173/node_modules/.vite/deps/axios.js?v=d8726d8c:1738:14)
    at XMLHttpRequest.onloadend (http://localhost:5173/node_modules/.vite/deps/axios.js?v=d8726d8c:2091:4)
[2m8:42:20 am[22m [31m[1m[vite][22m[39m [31m[2m(client)[22m[39m [2m[console.error] [22mFetch saved failed: AxiosError: Request failed with status code 404
    at settle (http://localhost:5173/node_modules/.vite/deps/axios.js?v=d8726d8c:1738:14)
    at XMLHttpRequest.onloadend (http://localhost:5173/node_modules/.vite/deps/axios.js?v=d8726d8c:2091:4)
[2m8:48:38 am[22m [31m[1m[vite][22m[39m [31m[2m(client)[22m[39m [2m[console.error] [22mFetch saved failed: AxiosError: Request failed with status code 404
    at settle (http://localhost:5173/node_modules/.vite/deps/axios.js?v=d8726d8c:1738:14)
    at XMLHttpRequest.onloadend (http://localhost:5173/node_modules/.vite/deps/axios.js?v=d8726d8c:2091:4)
